APPLY 001_phase0_phase1.sql
APPLY 002_cost_adjustment_v1_1.sql
APPLY 003_cost_adjustment_v1_2.sql
APPLY 004_phase2.sql
APPLY 005_phase2_1_hardening_recovered.sql
APPLY 006_phase3_finance_gl.sql
APPLY 007_phase4_hr_assets_qaqc_hse.sql
APPLY 008_phase5_phase6_views_portals.sql
APPLY 009_priority_execution_patch.sql
APPLY 010_phase6_permissions_and_validation_patch.sql
APPLY 011_phase1_security_tenant_isolation.sql
APPLY 012_phase2_crm_tender_contracts.sql
APPLY 013_phase3_financial_integrity_hardening.sql
APPLY 014_phase4_technical_planning_site_subcontracts_hardening.sql
APPLY 015_phase5_hr_hse_qaqc_edms_hardening.sql
APPLY 016_phase6_portals_notifications_reporting_hardening.sql
APPLY 017_phase7_final_hardening.sql
APPLY 018_adversarial_closure_core.sql
APPLY 019_operational_closure.sql
APPLY 020_redteam_closure.sql
APPLY 021_redteam_integrity_hardening.sql
APPLY 022_approval_integrity_hardening.sql
APPLY 023_timesheet_sod_hardening.sql
APPLY 024_subcontract_certificate_sod_hardening.sql
APPLY 025_technical_office_workflow_hardening.sql
APPLY 026_hse_qaqc_dashboard_integrity.sql
APPLY 027_claims_crm_tender_workflow_hardening.sql
APPLY 028_release_bootstrap_and_demo_data_hardening.sql
APPLY 029_planning_cpm_operational_hardening.sql
APPLY 030_edms_versioning_transmittal_hardening.sql
APPLY 031_portal_access_operational_hardening.sql
APPLY 032_core_procurement_cost_tenant_integrity.sql
APPLY 033_ai_platform_core.sql
APPLY 034_commercial_automation_knowledge_core.sql
GRANTED erp_app
MIGRATIONS_OK 34
